╔════════════════════════╤════════════╤═══════════╗
║ product                │ avg_rating │ purchases ║
╠════════════════════════╪════════════╪═══════════╣
║ 'Die Hard 3'           │ 5.0        │ 1         ║
║ 'Matrix'               │ 5.0        │ 1         ║
║ 'Shakira'              │ 5.0        │ 1         ║
║ 'Terminator 2'         │ 5.0        │ 1         ║
║ '1984'                 │ 4.0        │ 1         ║
║ 'Cryptonomicon'        │ 4.0        │ 1         ║
║ 'Jurassic Park'        │ 4.0        │ 1         ║
║ 'The Eye of the World' │ 4.0        │ 1         ║
╚════════════════════════╧════════════╧═══════════╝
(8 rows)
